// Jest Snapshot v1, https://goo.gl/fbAQLP

exports[`Recipient Form component matches snapshot 1`] = `
<div
  className="RecipientForm__Form-gIRrkZ bvrwsG"
>
  <div
    className="RecipientForm__Row-jotDjU fYoIKq"
  >
    <div
      className="RecipientForm__Field-hxcUmZ eSPXtV"
    >
      <label
        className="itemLabel"
      >
         *
      </label>
      <input
        name="fullname"
        onChange={[MockFunction]}
        type="text"
        value="Jon Snow"
      />
    </div>
    <div
      className="RecipientForm__Field-hxcUmZ eSPXtV"
    >
      <label
        className="itemLabel"
      />
      <input
        name="company"
        onChange={[MockFunction]}
        type="text"
        value=""
      />
    </div>
  </div>
  <div
    className="RecipientForm__Row-jotDjU fYoIKq"
  >
    <div
      className="RecipientForm__Field-hxcUmZ eSPXtV"
    >
      <label
        className="itemLabel"
      >
         *
      </label>
      <input
        name="email"
        onChange={[MockFunction]}
        type="text"
        value="john@hbo.com"
      />
    </div>
    <div
      className="RecipientForm__Field-hxcUmZ eSPXtV"
    >
      <label
        className="itemLabel"
      />
      <input
        name="phone"
        onChange={[MockFunction]}
        type="text"
        value=""
      />
    </div>
  </div>
</div>
`;
